V3 11
FL /home/q05/4.B/zpk/puls.vhd 2023/02/01.08:19:12 P.15xf
EN work/puls 1675236783 FL /home/q05/4.B/zpk/puls.vhd PB ieee/std_logic_1164 1335251622 \
      PB ieee/std_logic_arith 1335251623
AR work/puls/Behavioral 1675236784 \
      FL /home/q05/4.B/zpk/puls.vhd EN work/puls 1675236783
FL /home/q05/4.B/zpk/spse_text_segment/test_on_segment/citac.vhd 2023/02/01.08:32:40 P.15xf
EN work/counters_1 1675236781 \
      FL /home/q05/4.B/zpk/spse_text_segment/test_on_segment/citac.vhd \
      PB ieee/std_logic_1164 1335251622 PB ieee/STD_LOGIC_UNSIGNED 1335251625
AR work/counters_1/archi 1675236782 \
      FL /home/q05/4.B/zpk/spse_text_segment/test_on_segment/citac.vhd \
      EN work/counters_1 1675236781
FL /home/q05/4.B/zpk/spse_text_segment/test_on_segment/text_on_segment.vhd 2023/02/01.08:27:37 P.15xf
EN work/text_on_segment 1675236785 \
      FL /home/q05/4.B/zpk/spse_text_segment/test_on_segment/text_on_segment.vhd \
      PB ieee/std_logic_1164 1335251622
AR work/text_on_segment/Behavioral 1675236786 \
      FL /home/q05/4.B/zpk/spse_text_segment/test_on_segment/text_on_segment.vhd \
      EN work/text_on_segment 1675236785 CP counters_1 CP puls
